dad: Bowser
dnad: platinum fluffy carrier sL4_dd_coco_ee_at/ay
mom: Yoshi
dnam: blue dd_at/a_Kbr_nCo
exp: march 2021
description : This blue and platinum fluffy carrier can make blues, lilacs, tries that carry cream and fluffy
pics: 0
